C51 COMPILER V9.60.7.0   2ND_LAB2                                                          05/05/2025 19:56:37 PAGE 1   


C51 COMPILER V9.60.7.0, COMPILATION OF MODULE 2ND_LAB2
OBJECT MODULE PLACED IN .\Objects\2nd_Lab2.obj
COMPILER INVOKED BY: C:\Keil_v5\C51\BIN\C51.EXE 2nd_Lab2.c OPTIMIZE(8,SPEED) BROWSE DEBUG OBJECTEXTEND PRINT(.\Listings\
                    -2nd_Lab2.lst) TABS(2) OBJECT(.\Objects\2nd_Lab2.obj)

line level    source

   1          #include<reg51.h>
   2          void Delay (unsigned int time);
   3          void main()
   4          {
   5   1          P2 = 0xAA;
   6   1          Delay(1000);
   7   1          P2=0x55;
   8   1          Delay(1000);
   9   1      }
  10          void Delay (unsigned int time)
  11          {
  12   1          unsigned int i,j;
  13   1          for (i=0; i<time; i++)
  14   1          {
  15   2              for (j=0; j<23; j++) {}
  16   2          }
  17   1      }


MODULE INFORMATION:   STATIC OVERLAYABLE
   CODE SIZE        =     52    ----
   CONSTANT SIZE    =   ----    ----
   XDATA SIZE       =   ----    ----
   PDATA SIZE       =   ----    ----
   DATA SIZE        =   ----    ----
   IDATA SIZE       =   ----    ----
   BIT SIZE         =   ----    ----
END OF MODULE INFORMATION.


C51 COMPILATION COMPLETE.  0 WARNING(S),  0 ERROR(S)
