C51 COMPILER V9.60.7.0   3RD_LAB                                                           06/20/2025 00:39:03 PAGE 1   


C51 COMPILER V9.60.7.0, COMPILATION OF MODULE 3RD_LAB
OBJECT MODULE PLACED IN .\Objects\3rd_Lab.obj
COMPILER INVOKED BY: C:\Keil_v5\C51\BIN\C51.EXE 3rd_Lab.c OPTIMIZE(8,SPEED) BROWSE DEBUG OBJECTEXTEND PRINT(.\Listings\3
                    -rd_Lab.lst) TABS(2) OBJECT(.\Objects\3rd_Lab.obj)

line level    source

   1          #include <reg51.h>
   2          void Delay();
   3          void main()
   4          {
   5   1        while (1)
   6   1        {
   7   2          P1 = 0xAA;
   8   2          Delay();
   9   2          P1 = 0x55;
  10   2          Delay();
  11   2        }
  12   1      }
  13          void Delay()
  14          {
  15   1        int i, j;
  16   1        for (i = 0; i < 10; i++)
  17   1        {
  18   2          for (j = 0; j < 10000; j++)
  19   2          {
  20   3          }
  21   2        }
  22   1      }


MODULE INFORMATION:   STATIC OVERLAYABLE
   CODE SIZE        =     43    ----
   CONSTANT SIZE    =   ----    ----
   XDATA SIZE       =   ----    ----
   PDATA SIZE       =   ----    ----
   DATA SIZE        =   ----    ----
   IDATA SIZE       =   ----    ----
   BIT SIZE         =   ----    ----
END OF MODULE INFORMATION.


C51 COMPILATION COMPLETE.  0 WARNING(S),  0 ERROR(S)
